../Src/main.c:60:6:ConvertToDecimal	144	static
../Src/main.c:115:6:TIM2_Init	4	static
../Src/main.c:125:6:Delay_us	16	static
../Src/main.c:131:6:Delay_ms	16	static
../Src/main.c:142:5:main	8	static
../Src/main.c:191:6:EC200U_SendCommand	192	static
../Src/main.c:355:6:USART1_Init	4	static
../Src/main.c:384:6:USART6_Init	4	static
../Src/main.c:411:6:USART1_WriteChar	16	static
../Src/main.c:422:6:USART6_WriteChar	16	static
../Src/main.c:433:6:USART1_SendString	16	static
../Src/main.c:447:6:USART6_SendString	16	static
../Src/main.c:459:6:USART1_ReadChar	16	static
../Src/main.c:481:6:delay	16	static
